// Jest Snapshot v1, https://goo.gl/fbAQLP

exports[`HeaderCell matches snapshot 1`] = `
ShallowWrapper {
  Symbol(enzyme.__root__): [Circular],
  Symbol(enzyme.__unrendered__): <HeaderCell
    col={0}
    header={
      Object {
        "id": "foo",
        "title": "AA",
      }
    }
  >
    foo
  </HeaderCell>,
  Symbol(enzyme.__renderer__): Object {
    "batchedUpdates": [Function],
    "getNode": [Function],
    "render": [Function],
    "simulateError": [Function],
    "simulateEvent": [Function],
    "unmount": [Function],
  },
  Symbol(enzyme.__node__): Object {
    "instance": null,
    "key": "foo",
    "nodeType": "host",
    "props": Object {
      "children": "foo",
      "className": "cell read-only rdx-header-cell rdx-header-cell--center rdx-header-cell--clip",
      "colSpan": undefined,
      "style": undefined,
    },
    "ref": null,
    "rendered": "foo",
    "type": "th",
  },
  Symbol(enzyme.__nodes__): Array [
    Object {
      "instance": null,
      "key": "foo",
      "nodeType": "host",
      "props": Object {
        "children": "foo",
        "className": "cell read-only rdx-header-cell rdx-header-cell--center rdx-header-cell--clip",
        "colSpan": undefined,
        "style": undefined,
      },
      "ref": null,
      "rendered": "foo",
      "type": "th",
    },
  ],
  Symbol(enzyme.__options__): Object {
    "adapter": ReactSixteenAdapter {
      "options": Object {
        "enableComponentDidUpdateOnSetState": true,
        "lifecycles": Object {
          "componentDidUpdate": Object {
            "onSetState": true,
          },
          "getDerivedStateFromProps": true,
          "getSnapshotBeforeUpdate": true,
          "setState": Object {
            "skipsComponentDidUpdateOnNullish": true,
          },
        },
      },
    },
  },
}
`;
