// Jest Snapshot v1, https://goo.gl/fbAQLP

exports[`SheetRenderer basic rendering Matches the snapshot 1`] = `
ShallowWrapper {
  Symbol(enzyme.__root__): [Circular],
  Symbol(enzyme.__unrendered__): <SheetRenderer
    className="foobar"
    data={
      Array [
        Array [
          Object {
            "value": 1,
          },
          Object {
            "value": 2,
          },
          Object {
            "value": 3,
          },
          Object {
            "value": 4,
          },
        ],
        Array [
          Object {
            "value": 5,
          },
          Object {
            "value": 6,
          },
          Object {
            "value": 7,
          },
          Object {
            "value": 8,
          },
        ],
        Array [
          Object {
            "value": 9,
          },
          Object {
            "value": 10,
          },
          Object {
            "value": 11,
          },
          Object {
            "value": 12,
          },
        ],
      ]
    }
    headerContentRenderer={[Function]}
    headerRenderer={[Function]}
    headers={
      Array [
        Object {
          "id": "A",
          "title": "A",
        },
        Object {
          "id": "B",
          "title": "B",
        },
        Object {
          "id": "C",
          "title": "C",
        },
        Object {
          "id": "D",
          "title": "D",
        },
      ]
    }
  >
    <tr>
      <td
        colSpan={4}
      >
        shallow
      </td>
    </tr>
  </SheetRenderer>,
  Symbol(enzyme.__renderer__): Object {
    "batchedUpdates": [Function],
    "getNode": [Function],
    "render": [Function],
    "simulateError": [Function],
    "simulateEvent": [Function],
    "unmount": [Function],
  },
  Symbol(enzyme.__node__): Object {
    "instance": null,
    "key": undefined,
    "nodeType": "host",
    "props": Object {
      "children": Array [
        <thead>
          <tr>
            <th
              className="cell read-only rdr-sheet-renderer__action-cell"
            />
            <DefaultHeaderRenderer
              col={0}
              header={
                Object {
                  "id": "A",
                  "title": "A",
                }
              }
            >
              <DefaultHeaderContentRenderer
                col={0}
                header={
                  Object {
                    "id": "A",
                    "title": "A",
                  }
                }
              />
            </DefaultHeaderRenderer>
            <DefaultHeaderRenderer
              col={1}
              header={
                Object {
                  "id": "B",
                  "title": "B",
                }
              }
            >
              <DefaultHeaderContentRenderer
                col={1}
                header={
                  Object {
                    "id": "B",
                    "title": "B",
                  }
                }
              />
            </DefaultHeaderRenderer>
            <DefaultHeaderRenderer
              col={2}
              header={
                Object {
                  "id": "C",
                  "title": "C",
                }
              }
            >
              <DefaultHeaderContentRenderer
                col={2}
                header={
                  Object {
                    "id": "C",
                    "title": "C",
                  }
                }
              />
            </DefaultHeaderRenderer>
            <DefaultHeaderRenderer
              col={3}
              header={
                Object {
                  "id": "D",
                  "title": "D",
                }
              }
            >
              <DefaultHeaderContentRenderer
                col={3}
                header={
                  Object {
                    "id": "D",
                    "title": "D",
                  }
                }
              />
            </DefaultHeaderRenderer>
          </tr>
        </thead>,
        <tbody>
          <tr>
            <td
              colSpan={4}
            >
              shallow
            </td>
          </tr>
        </tbody>,
      ],
      "className": "foobar",
      "style": undefined,
    },
    "ref": null,
    "rendered": Array [
      Object {
        "instance": null,
        "key": undefined,
        "nodeType": "host",
        "props": Object {
          "children": <tr>
            <th
              className="cell read-only rdr-sheet-renderer__action-cell"
            />
            <DefaultHeaderRenderer
              col={0}
              header={
                Object {
                  "id": "A",
                  "title": "A",
                }
              }
            >
              <DefaultHeaderContentRenderer
                col={0}
                header={
                  Object {
                    "id": "A",
                    "title": "A",
                  }
                }
              />
            </DefaultHeaderRenderer>
            <DefaultHeaderRenderer
              col={1}
              header={
                Object {
                  "id": "B",
                  "title": "B",
                }
              }
            >
              <DefaultHeaderContentRenderer
                col={1}
                header={
                  Object {
                    "id": "B",
                    "title": "B",
                  }
                }
              />
            </DefaultHeaderRenderer>
            <DefaultHeaderRenderer
              col={2}
              header={
                Object {
                  "id": "C",
                  "title": "C",
                }
              }
            >
              <DefaultHeaderContentRenderer
                col={2}
                header={
                  Object {
                    "id": "C",
                    "title": "C",
                  }
                }
              />
            </DefaultHeaderRenderer>
            <DefaultHeaderRenderer
              col={3}
              header={
                Object {
                  "id": "D",
                  "title": "D",
                }
              }
            >
              <DefaultHeaderContentRenderer
                col={3}
                header={
                  Object {
                    "id": "D",
                    "title": "D",
                  }
                }
              />
            </DefaultHeaderRenderer>
          </tr>,
        },
        "ref": null,
        "rendered": Object {
          "instance": null,
          "key": "$headers",
          "nodeType": "host",
          "props": Object {
            "children": Array [
              <th
                className="cell read-only rdr-sheet-renderer__action-cell"
              />,
              Array [
                <DefaultHeaderRenderer
                  col={0}
                  header={
                    Object {
                      "id": "A",
                      "title": "A",
                    }
                  }
                >
                  <DefaultHeaderContentRenderer
                    col={0}
                    header={
                      Object {
                        "id": "A",
                        "title": "A",
                      }
                    }
                  />
                </DefaultHeaderRenderer>,
                <DefaultHeaderRenderer
                  col={1}
                  header={
                    Object {
                      "id": "B",
                      "title": "B",
                    }
                  }
                >
                  <DefaultHeaderContentRenderer
                    col={1}
                    header={
                      Object {
                        "id": "B",
                        "title": "B",
                      }
                    }
                  />
                </DefaultHeaderRenderer>,
                <DefaultHeaderRenderer
                  col={2}
                  header={
                    Object {
                      "id": "C",
                      "title": "C",
                    }
                  }
                >
                  <DefaultHeaderContentRenderer
                    col={2}
                    header={
                      Object {
                        "id": "C",
                        "title": "C",
                      }
                    }
                  />
                </DefaultHeaderRenderer>,
                <DefaultHeaderRenderer
                  col={3}
                  header={
                    Object {
                      "id": "D",
                      "title": "D",
                    }
                  }
                >
                  <DefaultHeaderContentRenderer
                    col={3}
                    header={
                      Object {
                        "id": "D",
                        "title": "D",
                      }
                    }
                  />
                </DefaultHeaderRenderer>,
              ],
            ],
          },
          "ref": null,
          "rendered": Array [
            Object {
              "instance": null,
              "key": "$$actionCell",
              "nodeType": "host",
              "props": Object {
                "className": "cell read-only rdr-sheet-renderer__action-cell",
              },
              "ref": null,
              "rendered": null,
              "type": "th",
            },
            Object {
              "instance": null,
              "key": "th-A",
              "nodeType": "class",
              "props": Object {
                "children": <DefaultHeaderContentRenderer
                  col={0}
                  header={
                    Object {
                      "id": "A",
                      "title": "A",
                    }
                  }
                />,
                "col": 0,
                "header": Object {
                  "id": "A",
                  "title": "A",
                },
              },
              "ref": null,
              "rendered": Object {
                "instance": null,
                "key": "A",
                "nodeType": "class",
                "props": Object {
                  "col": 0,
                  "header": Object {
                    "id": "A",
                    "title": "A",
                  },
                },
                "ref": null,
                "rendered": null,
                "type": [Function],
              },
              "type": [Function],
            },
            Object {
              "instance": null,
              "key": "th-B",
              "nodeType": "class",
              "props": Object {
                "children": <DefaultHeaderContentRenderer
                  col={1}
                  header={
                    Object {
                      "id": "B",
                      "title": "B",
                    }
                  }
                />,
                "col": 1,
                "header": Object {
                  "id": "B",
                  "title": "B",
                },
              },
              "ref": null,
              "rendered": Object {
                "instance": null,
                "key": "B",
                "nodeType": "class",
                "props": Object {
                  "col": 1,
                  "header": Object {
                    "id": "B",
                    "title": "B",
                  },
                },
                "ref": null,
                "rendered": null,
                "type": [Function],
              },
              "type": [Function],
            },
            Object {
              "instance": null,
              "key": "th-C",
              "nodeType": "class",
              "props": Object {
                "children": <DefaultHeaderContentRenderer
                  col={2}
                  header={
                    Object {
                      "id": "C",
                      "title": "C",
                    }
                  }
                />,
                "col": 2,
                "header": Object {
                  "id": "C",
                  "title": "C",
                },
              },
              "ref": null,
              "rendered": Object {
                "instance": null,
                "key": "C",
                "nodeType": "class",
                "props": Object {
                  "col": 2,
                  "header": Object {
                    "id": "C",
                    "title": "C",
                  },
                },
                "ref": null,
                "rendered": null,
                "type": [Function],
              },
              "type": [Function],
            },
            Object {
              "instance": null,
              "key": "th-D",
              "nodeType": "class",
              "props": Object {
                "children": <DefaultHeaderContentRenderer
                  col={3}
                  header={
                    Object {
                      "id": "D",
                      "title": "D",
                    }
                  }
                />,
                "col": 3,
                "header": Object {
                  "id": "D",
                  "title": "D",
                },
              },
              "ref": null,
              "rendered": Object {
                "instance": null,
                "key": "D",
                "nodeType": "class",
                "props": Object {
                  "col": 3,
                  "header": Object {
                    "id": "D",
                    "title": "D",
                  },
                },
                "ref": null,
                "rendered": null,
                "type": [Function],
              },
              "type": [Function],
            },
          ],
          "type": "tr",
        },
        "type": "thead",
      },
      Object {
        "instance": null,
        "key": undefined,
        "nodeType": "host",
        "props": Object {
          "children": <tr>
            <td
              colSpan={4}
            >
              shallow
            </td>
          </tr>,
        },
        "ref": null,
        "rendered": Object {
          "instance": null,
          "key": undefined,
          "nodeType": "host",
          "props": Object {
            "children": <td
              colSpan={4}
            >
              shallow
            </td>,
          },
          "ref": null,
          "rendered": Object {
            "instance": null,
            "key": undefined,
            "nodeType": "host",
            "props": Object {
              "children": "shallow",
              "colSpan": 4,
            },
            "ref": null,
            "rendered": "shallow",
            "type": "td",
          },
          "type": "tr",
        },
        "type": "tbody",
      },
    ],
    "type": "table",
  },
  Symbol(enzyme.__nodes__): Array [
    Object {
      "instance": null,
      "key": undefined,
      "nodeType": "host",
      "props": Object {
        "children": Array [
          <thead>
            <tr>
              <th
                className="cell read-only rdr-sheet-renderer__action-cell"
              />
              <DefaultHeaderRenderer
                col={0}
                header={
                  Object {
                    "id": "A",
                    "title": "A",
                  }
                }
              >
                <DefaultHeaderContentRenderer
                  col={0}
                  header={
                    Object {
                      "id": "A",
                      "title": "A",
                    }
                  }
                />
              </DefaultHeaderRenderer>
              <DefaultHeaderRenderer
                col={1}
                header={
                  Object {
                    "id": "B",
                    "title": "B",
                  }
                }
              >
                <DefaultHeaderContentRenderer
                  col={1}
                  header={
                    Object {
                      "id": "B",
                      "title": "B",
                    }
                  }
                />
              </DefaultHeaderRenderer>
              <DefaultHeaderRenderer
                col={2}
                header={
                  Object {
                    "id": "C",
                    "title": "C",
                  }
                }
              >
                <DefaultHeaderContentRenderer
                  col={2}
                  header={
                    Object {
                      "id": "C",
                      "title": "C",
                    }
                  }
                />
              </DefaultHeaderRenderer>
              <DefaultHeaderRenderer
                col={3}
                header={
                  Object {
                    "id": "D",
                    "title": "D",
                  }
                }
              >
                <DefaultHeaderContentRenderer
                  col={3}
                  header={
                    Object {
                      "id": "D",
                      "title": "D",
                    }
                  }
                />
              </DefaultHeaderRenderer>
            </tr>
          </thead>,
          <tbody>
            <tr>
              <td
                colSpan={4}
              >
                shallow
              </td>
            </tr>
          </tbody>,
        ],
        "className": "foobar",
        "style": undefined,
      },
      "ref": null,
      "rendered": Array [
        Object {
          "instance": null,
          "key": undefined,
          "nodeType": "host",
          "props": Object {
            "children": <tr>
              <th
                className="cell read-only rdr-sheet-renderer__action-cell"
              />
              <DefaultHeaderRenderer
                col={0}
                header={
                  Object {
                    "id": "A",
                    "title": "A",
                  }
                }
              >
                <DefaultHeaderContentRenderer
                  col={0}
                  header={
                    Object {
                      "id": "A",
                      "title": "A",
                    }
                  }
                />
              </DefaultHeaderRenderer>
              <DefaultHeaderRenderer
                col={1}
                header={
                  Object {
                    "id": "B",
                    "title": "B",
                  }
                }
              >
                <DefaultHeaderContentRenderer
                  col={1}
                  header={
                    Object {
                      "id": "B",
                      "title": "B",
                    }
                  }
                />
              </DefaultHeaderRenderer>
              <DefaultHeaderRenderer
                col={2}
                header={
                  Object {
                    "id": "C",
                    "title": "C",
                  }
                }
              >
                <DefaultHeaderContentRenderer
                  col={2}
                  header={
                    Object {
                      "id": "C",
                      "title": "C",
                    }
                  }
                />
              </DefaultHeaderRenderer>
              <DefaultHeaderRenderer
                col={3}
                header={
                  Object {
                    "id": "D",
                    "title": "D",
                  }
                }
              >
                <DefaultHeaderContentRenderer
                  col={3}
                  header={
                    Object {
                      "id": "D",
                      "title": "D",
                    }
                  }
                />
              </DefaultHeaderRenderer>
            </tr>,
          },
          "ref": null,
          "rendered": Object {
            "instance": null,
            "key": "$headers",
            "nodeType": "host",
            "props": Object {
              "children": Array [
                <th
                  className="cell read-only rdr-sheet-renderer__action-cell"
                />,
                Array [
                  <DefaultHeaderRenderer
                    col={0}
                    header={
                      Object {
                        "id": "A",
                        "title": "A",
                      }
                    }
                  >
                    <DefaultHeaderContentRenderer
                      col={0}
                      header={
                        Object {
                          "id": "A",
                          "title": "A",
                        }
                      }
                    />
                  </DefaultHeaderRenderer>,
                  <DefaultHeaderRenderer
                    col={1}
                    header={
                      Object {
                        "id": "B",
                        "title": "B",
                      }
                    }
                  >
                    <DefaultHeaderContentRenderer
                      col={1}
                      header={
                        Object {
                          "id": "B",
                          "title": "B",
                        }
                      }
                    />
                  </DefaultHeaderRenderer>,
                  <DefaultHeaderRenderer
                    col={2}
                    header={
                      Object {
                        "id": "C",
                        "title": "C",
                      }
                    }
                  >
                    <DefaultHeaderContentRenderer
                      col={2}
                      header={
                        Object {
                          "id": "C",
                          "title": "C",
                        }
                      }
                    />
                  </DefaultHeaderRenderer>,
                  <DefaultHeaderRenderer
                    col={3}
                    header={
                      Object {
                        "id": "D",
                        "title": "D",
                      }
                    }
                  >
                    <DefaultHeaderContentRenderer
                      col={3}
                      header={
                        Object {
                          "id": "D",
                          "title": "D",
                        }
                      }
                    />
                  </DefaultHeaderRenderer>,
                ],
              ],
            },
            "ref": null,
            "rendered": Array [
              Object {
                "instance": null,
                "key": "$$actionCell",
                "nodeType": "host",
                "props": Object {
                  "className": "cell read-only rdr-sheet-renderer__action-cell",
                },
                "ref": null,
                "rendered": null,
                "type": "th",
              },
              Object {
                "instance": null,
                "key": "th-A",
                "nodeType": "class",
                "props": Object {
                  "children": <DefaultHeaderContentRenderer
                    col={0}
                    header={
                      Object {
                        "id": "A",
                        "title": "A",
                      }
                    }
                  />,
                  "col": 0,
                  "header": Object {
                    "id": "A",
                    "title": "A",
                  },
                },
                "ref": null,
                "rendered": Object {
                  "instance": null,
                  "key": "A",
                  "nodeType": "class",
                  "props": Object {
                    "col": 0,
                    "header": Object {
                      "id": "A",
                      "title": "A",
                    },
                  },
                  "ref": null,
                  "rendered": null,
                  "type": [Function],
                },
                "type": [Function],
              },
              Object {
                "instance": null,
                "key": "th-B",
                "nodeType": "class",
                "props": Object {
                  "children": <DefaultHeaderContentRenderer
                    col={1}
                    header={
                      Object {
                        "id": "B",
                        "title": "B",
                      }
                    }
                  />,
                  "col": 1,
                  "header": Object {
                    "id": "B",
                    "title": "B",
                  },
                },
                "ref": null,
                "rendered": Object {
                  "instance": null,
                  "key": "B",
                  "nodeType": "class",
                  "props": Object {
                    "col": 1,
                    "header": Object {
                      "id": "B",
                      "title": "B",
                    },
                  },
                  "ref": null,
                  "rendered": null,
                  "type": [Function],
                },
                "type": [Function],
              },
              Object {
                "instance": null,
                "key": "th-C",
                "nodeType": "class",
                "props": Object {
                  "children": <DefaultHeaderContentRenderer
                    col={2}
                    header={
                      Object {
                        "id": "C",
                        "title": "C",
                      }
                    }
                  />,
                  "col": 2,
                  "header": Object {
                    "id": "C",
                    "title": "C",
                  },
                },
                "ref": null,
                "rendered": Object {
                  "instance": null,
                  "key": "C",
                  "nodeType": "class",
                  "props": Object {
                    "col": 2,
                    "header": Object {
                      "id": "C",
                      "title": "C",
                    },
                  },
                  "ref": null,
                  "rendered": null,
                  "type": [Function],
                },
                "type": [Function],
              },
              Object {
                "instance": null,
                "key": "th-D",
                "nodeType": "class",
                "props": Object {
                  "children": <DefaultHeaderContentRenderer
                    col={3}
                    header={
                      Object {
                        "id": "D",
                        "title": "D",
                      }
                    }
                  />,
                  "col": 3,
                  "header": Object {
                    "id": "D",
                    "title": "D",
                  },
                },
                "ref": null,
                "rendered": Object {
                  "instance": null,
                  "key": "D",
                  "nodeType": "class",
                  "props": Object {
                    "col": 3,
                    "header": Object {
                      "id": "D",
                      "title": "D",
                    },
                  },
                  "ref": null,
                  "rendered": null,
                  "type": [Function],
                },
                "type": [Function],
              },
            ],
            "type": "tr",
          },
          "type": "thead",
        },
        Object {
          "instance": null,
          "key": undefined,
          "nodeType": "host",
          "props": Object {
            "children": <tr>
              <td
                colSpan={4}
              >
                shallow
              </td>
            </tr>,
          },
          "ref": null,
          "rendered": Object {
            "instance": null,
            "key": undefined,
            "nodeType": "host",
            "props": Object {
              "children": <td
                colSpan={4}
              >
                shallow
              </td>,
            },
            "ref": null,
            "rendered": Object {
              "instance": null,
              "key": undefined,
              "nodeType": "host",
              "props": Object {
                "children": "shallow",
                "colSpan": 4,
              },
              "ref": null,
              "rendered": "shallow",
              "type": "td",
            },
            "type": "tr",
          },
          "type": "tbody",
        },
      ],
      "type": "table",
    },
  ],
  Symbol(enzyme.__options__): Object {
    "adapter": ReactSixteenAdapter {
      "options": Object {
        "enableComponentDidUpdateOnSetState": true,
        "lifecycles": Object {
          "componentDidUpdate": Object {
            "onSetState": true,
          },
          "getDerivedStateFromProps": true,
          "getSnapshotBeforeUpdate": true,
          "setState": Object {
            "skipsComponentDidUpdateOnNullish": true,
          },
        },
      },
    },
    "attachTo": undefined,
    "hydrateIn": undefined,
  },
}
`;
